[www.baume-et-mercier.com/en/home.html]
[backblue.gif]
[fade.gif]
[index.html]
[www.baume-et-mercier.com/ie/en/home.html]
[www.baume-et-mercier.com/us/en/home.html]
[www.baume-et-mercier.com/pt/home.html]
[www.baume-et-mercier.com/ae/en/home.html]
[www.baume-et-mercier.com/au/en/home.html]
[www.baume-et-mercier.com/ch/de/home.html]
[www.baume-et-mercier.com/jp/ja/ボーム＆メルシエ.html]
[www.baume-et-mercier.com/es/home.html]
[www.baume-et-mercier.cn/cn/zh/home.html]
[www.baume-et-mercier.com/ar/home.html]
[www.baume-et-mercier.com/pt/pt/home.html]
[www.baume-et-mercier.com/sg/en/home.html]
[www.baume-et-mercier.com/ch/it/home.html]
[www.baume-et-mercier.com/fr/fr/home.html]
[www.baume-et-mercier.com/gb/en/home.html]
[www.baume-et-mercier.com/ae/ar/home.html]
[www.baume-et-mercier.com/fr/home.html]
[www.baume-et-mercier.com/at/de/home.html]
[www.baume-et-mercier.com/ch/fr/home.html]
[www.baume-et-mercier.com/de/de/home.html]
[www.baume-et-mercier.com/hk/en/home.html]
[www.baume-et-mercier.com/es/es/home.html]
[www.baume-et-mercier.com/it/it/home.html]
[fonts.googleapis.com/index.html]
[www.baume-et-mercier.com/etc.clientlibs/richemont-bem/ui/clientlibs/base.prerequisite.3-21-11-3.min.css]
[www.baume-et-mercier.com/etc.clientlibs/richemont-bem/ui/clientlibs/libs.1-21-1.min.css]
[www.baume-et-mercier.com/etc.clientlibs/richemont-bem/ui/clientlibs/libs/resources/print.css]
[www.baume-et-mercier.com/etc.clientlibs/richemont-bem/ui/clientlibs/libs/resources/static/favicon/apple-touch-icon.png]
[www.baume-et-mercier.com/etc.clientlibs/richemont-bem/ui/clientlibs/libs/resources/static/favicon/android-icon-192x192.png]
[www.baume-et-mercier.com/etc.clientlibs/richemont-bem/ui/clientlibs/libs/resources/static/favicon/favicon-32x32.png]
[www.baume-et-mercier.com/etc.clientlibs/richemont-bem/ui/clientlibs/libs/resources/static/favicon/favicon-96x96.png]
[www.baume-et-mercier.com/etc.clientlibs/richemont-bem/ui/clientlibs/libs/resources/static/favicon/favicon-16x16.png]
[www.baume-et-mercier.com/etc.clientlibs/richemont-bem/ui/clientlibs/libs/resources/static/favicon/manifest.json]
[www.baume-et-mercier.com/etc.clientlibs/richemont-bem/ui/clientlibs/libs/resources/static/favicon/favicon.ico]
[www.baume-et-mercier.com/etc.clientlibs/richemont-bem/ui/clientlibs/libs/resources/static/logo-white.svg]
[www.baume-et-mercier.com/etc.clientlibs/richemont-bem/ui/clientlibs/libs/resources/static/logo.svg]
[www.baume-et-mercier.com/etc.clientlibs/richemont-bem/ui/clientlibs/libs/resources/static/icons/icon-search-black.svg]
[www.baume-et-mercier.com/etc.clientlibs/richemont-bem/ui/clientlibs/libs/resources/static/icons/icon-search-white.svg]
[www.baume-et-mercier.com/etc.clientlibs/richemont-bem/ui/clientlibs/libs/resources/static/icons/icon-wishlist-black.svg]
[www.baume-et-mercier.com/etc.clientlibs/richemont-bem/ui/clientlibs/libs/resources/static/icons/icon-wishlist-white.svg]
[www.baume-et-mercier.com/content/dam/bem-2023/mega-menu/Menu_Banner-Love_Season-Hamptonl.png.transform.bemproditem.jpg]
[www.baume-et-mercier.com/content/dam/bem-2023/mega-menu/new-menu-riviera_2261187.jpg.transform.bemproditem.jpg]
[www.baume-et-mercier.com/content/dam/bem-2023/mega-menu/2261186.jpeg.transform.bemproditem.jpg]
[www.baume-et-mercier.com/content/dam/bem-2023/mega-menu/new-menu-classima_2261188.jpg.transform.bemproditem.jpg]
[www.baume-et-mercier.com/content/dam/bem-2023/mega-menu/new-menu-hampton_2261190.jpg.transform.bemproditem.jpg]
[www.baume-et-mercier.com/content/dam/bem-2023/mega-menu/new-menu-baume_2261189.jpg.transform.bemproditem.jpg]
[www.baume-et-mercier.com/content/dam/ric-import-ocp/bem/35b2/3035/A46QdM-6Q0mrq9s5dJsb_Q.jpeg.transform.bemfw.jpg]
[www.baume-et-mercier.com/content/dam/ric-import-ocp/bem/5cc3/0a86/y7sGaZC0RUetYKFtCqK6tw.jpeg.transform.bemfw.jpg]
[www.baume-et-mercier.com/content/dam/rcq/bem/16/19/56/1/1619561.png.transform.bemproditem.png]
[www.baume-et-mercier.com/content/dam/rcq/bem/19/66/86/7/1966867.png.transform.bemproditem.png]
[www.baume-et-mercier.com/content/dam/rcq/bem/14/10/02/4/1410024.png.transform.bemproditem.png]
[www.baume-et-mercier.com/content/dam/rcq/bem/19/34/86/8/1934868.png.transform.bemproditem.png]
[www.baume-et-mercier.com/content/dam/rcq/bem/23/02/46/2/2302462.png.transform.bemproditem.png]
[www.baume-et-mercier.com/content/dam/rcq/bem/21/54/65/1/2154651.png.transform.bemproditem.png]
[www.baume-et-mercier.com/content/dam/rcq/bem/14/09/98/9/1409989.png.transform.bemproditem.png]
[www.baume-et-mercier.com/content/dam/rcq/bem/14/10/00/6/1410006.png.transform.bemproditem.png]
[www.baume-et-mercier.com/content/dam/ric-import-ocp/bem/c798/6d73/1tb6HcChSqyKJRwmQjOxKw.jpeg.transform.bemhw.jpg]
[www.baume-et-mercier.com/content/dam/ric-import-ocp/bem/9c17/7fde/fs_0IEeYQ_CHr_1UdXIs3A.jpeg.transform.bemhw.jpg]
[www.baume-et-mercier.com/content/dam/ric-import-ocp/bem/f352/ae22/hcJ2QzjgSliCAIinGaT1eg.jpeg.transform.bemhw.jpg]
[www.baume-et-mercier.com/content/dam/ric-import-ocp/bem/7f48/b43d/57zV1cYgTxCEHsWUyv74aw.jpeg.transform.bemhw.jpg]
[www.baume-et-mercier.com/content/dam/ric-import-ocp/bem/6116/94a/fwXHIk25S3SGQbg3nXHT4Q.png.transform.bemhw.jpg]
[www.baume-et-mercier.com/content/dam/ric-import-ocp/bem/970f/f371/yFZtk8y0TEatLZPuVt0gwQ.png.transform.bemhw.jpg]
[www.baume-et-mercier.com/etc.clientlibs/richemont-bem/ui/clientlibs/libs/resources/static/small-logo-white.svg]
[www.baume-et-mercier.com/en/home.html]
[www.baume-et-mercier.com/ie/en/home.html]
[www.baume-et-mercier.com/us/en/home.html]
[www.baume-et-mercier.com/pt/home.html]
[www.baume-et-mercier.com/ae/en/home.html]
[www.baume-et-mercier.com/au/en/home.html]
[www.baume-et-mercier.com/ch/de/home.html]
[www.baume-et-mercier.com/jp/ja/ボーム＆メルシエ.html]
[www.baume-et-mercier.com/es/home.html]
[www.baume-et-mercier.cn/cn/zh/home.html]
[www.baume-et-mercier.com/ar/home.html]
[www.baume-et-mercier.com/pt/pt/home.html]
[www.baume-et-mercier.com/sg/en/home.html]
[www.baume-et-mercier.com/ch/it/home.html]
[www.baume-et-mercier.com/fr/fr/home.html]
[www.baume-et-mercier.com/gb/en/home.html]
[www.baume-et-mercier.com/ae/ar/home.html]
[www.baume-et-mercier.com/fr/home.html]
[www.baume-et-mercier.com/at/de/home.html]
[www.baume-et-mercier.com/ch/fr/home.html]
[www.baume-et-mercier.com/de/de/home.html]
[www.baume-et-mercier.com/hk/en/home.html]
[www.baume-et-mercier.com/es/es/home.html]
[www.baume-et-mercier.com/it/it/home.html]
[fonts.googleapis.com/index.html]
[fonts.gstatic.com/index.html]
[fonts.googleapis.com/css2f2e5.css]
[www.baume-et-mercier.com/etc.clientlibs/richemont-bem/ui/clientlibs/base.prerequisite.3-21-11-3.min.css]
[www.baume-et-mercier.com/etc.clientlibs/richemont-bem/ui/clientlibs/libs.1-21-1.min.css]
[www.baume-et-mercier.com/etc.clientlibs/richemont-bem/ui/clientlibs/libs/resources/print.css]
[www.baume-et-mercier.com/etc.clientlibs/richemont-bem/ui/clientlibs/libs/resources/static/logo-white.svg]
[www.baume-et-mercier.com/etc.clientlibs/richemont-bem/ui/clientlibs/libs/resources/static/logo.svg]
[www.baume-et-mercier.com/etc.clientlibs/richemont-bem/ui/clientlibs/libs/resources/static/icons/icon-search-black.svg]
[www.baume-et-mercier.com/etc.clientlibs/richemont-bem/ui/clientlibs/libs/resources/static/icons/icon-search-white.svg]
[www.baume-et-mercier.com/etc.clientlibs/richemont-bem/ui/clientlibs/libs/resources/static/icons/icon-wishlist-black.svg]
[www.baume-et-mercier.com/etc.clientlibs/richemont-bem/ui/clientlibs/libs/resources/static/icons/icon-wishlist-white.svg]
[www.baume-et-mercier.com/etc.clientlibs/richemont-bem/ui/clientlibs/libs/resources/static/small-logo-white.svg]
