[www.bellamaison.com/aydinlatma/index.html]
[backblue.gif]
[fade.gif]
[index.html]
[www.bellamaison.com/aydinlatma/index.html]
[www.bellamaison.com/aydinlatma/rattan-avize-sarkit/index.html]
[www.bellamaison.com/aydinlatma/metal-avize-sarkit/index.html]
[www.bellamaison.com/aydinlatma/index4658.html]
[www.bellamaison.com/aydinlatma/index4658.html]
[www.bellamaison.com/aydinlatma/avize-sarkit/index.html]
[www.bellamaison.com/aydinlatma/avize-sarkit/index.html]
[www.bellamaison.com/aydinlatma/hasir-avize-sarkit/index.html]
[www.bellamaison.com/aydinlatma/metal-avize-sarkit/index.html]
[www.bellamaison.com/aydinlatma/plastik-avize-sarkit/index.html]
[www.bellamaison.com/aydinlatma/ip-kumas-avize-sarkit/index.html]
[www.bellamaison.com/aydinlatma/rattan-avize-sarkit/index.html]
[www.bellamaison.com/aydinlatma/lambader/index.html]
[www.bellamaison.com/aydinlatma/ip-kumas-avize-sarkit/index.html]
[www.bellamaison.com/aydinlatma/abajur/index.html]
[www.bellamaison.com/aydinlatma/hasir-avize-sarkit/index.html]
[www.bellamaison.com/aydinlatma/metal-abajur/index.html]
[www.bellamaison.com/aydinlatma/plastik-avize-sarkit/index.html]
[www.bellamaison.com/aydinlatma/ahsap-abajur/index.html]
[www.bellamaison.com/aydinlatma/lambader/index.html]
[www.bellamaison.com/aydinlatma/rattan-kumas-abajur/index.html]
[www.bellamaison.com/aydinlatma/abajur/index.html]
[www.bellamaison.com/aydinlatma/polyester-plastik-abajur/index.html]
[www.bellamaison.com/aydinlatma/ahsap-abajur/index.html]
[www.bellamaison.com/aydinlatma/aplik/index.html]
[www.bellamaison.com/aydinlatma/metal-abajur/index.html]
[www.bellamaison.com/aydinlatma/masa-lambasi/index.html]
[www.bellamaison.com/aydinlatma/rattan-kumas-abajur/index.html]
[www.bellamaison.com/aydinlatma/index9ba9.html]
[www.bellamaison.com/aydinlatma/polyester-plastik-abajur/index.html]
[www.bellamaison.com/aydinlatma/avize-sarkit/index4658.html]
[www.bellamaison.com/aydinlatma/masa-lambasi/index.html]
[www.bellamaison.com/aydinlatma/makrome-avize-sarkit/index.html]
[www.bellamaison.com/aydinlatma/aplik/index.html]
[www.bellamaison.com/aydinlatma/metal-avize-sarkit/index4658.html]
[www.bellamaison.com/aydinlatma/index9ba9.html]
[www.bellamaison.com/aydinlatma/abajur/index4658.html]
[www.bellamaison.com/aydinlatma/avize-sarkit/index4658.html]
[www.bellamaison.com/aydinlatma/ahsap-abajur/index4658.html]
[www.bellamaison.com/aydinlatma/lambader/index4658.html]
[www.bellamaison.com/aydinlatma/makrome-avize-sarkit/index.html]
[www.bellamaison.com/aydinlatma/polyester-plastik-abajur/index4658.html]
[www.bellamaison.com/aydinlatma/metal-avize-sarkit/index4658.html]
[www.bellamaison.com/aydinlatma/masa-lambasi/index4658.html]
[www.bellamaison.com/aydinlatma/lambader/index4658.html]
[www.bellamaison.com/aydinlatma/indexfdb0.html]
[www.bellamaison.com/aydinlatma/abajur/index4658.html]
[www.bellamaison.com/aydinlatma/avize-sarkit/index9ba9.html]
[www.bellamaison.com/aydinlatma/ahsap-abajur/index4658.html]
[www.bellamaison.com/aydinlatma/polyester-plastik-abajur/index4658.html]
[www.bellamaison.com/aydinlatma/metal-avize-sarkit/index9ba9.html]
[www.bellamaison.com/aydinlatma/masa-lambasi/index4658.html]
[www.bellamaison.com/aydinlatma/indexfdb0.html]
[www.bellamaison.com/aydinlatma/lambader/index9ba9.html]
[www.bellamaison.com/aydinlatma/avize-sarkit/index9ba9.html]
[www.bellamaison.com/aydinlatma/polyester-plastik-abajur/index9ba9.html]
[www.bellamaison.com/aydinlatma/metal-avize-sarkit/index9ba9.html]
[www.bellamaison.com/aydinlatma/indexaf4d.html]
[www.bellamaison.com/aydinlatma/abajur/index9ba9.html]
[www.bellamaison.com/aydinlatma/lambader/index9ba9.html]
[www.bellamaison.com/aydinlatma/abajur/index9ba9.html]
[www.bellamaison.com/aydinlatma/avize-sarkit/indexfdb0.html]
[www.bellamaison.com/aydinlatma/polyester-plastik-abajur/index9ba9.html]
[www.bellamaison.com/aydinlatma/metal-avize-sarkit/indexfdb0.html]
[www.bellamaison.com/aydinlatma/indexaf4d.html]
[www.bellamaison.com/aydinlatma/abajur/indexfdb0.html]
[www.bellamaison.com/aydinlatma/avize-sarkit/indexfdb0.html]
[www.bellamaison.com/aydinlatma/lambader/indexfdb0.html]
[www.bellamaison.com/aydinlatma/metal-avize-sarkit/indexfdb0.html]
[www.bellamaison.com/aydinlatma/polyester-plastik-abajur/indexfdb0.html]
[www.bellamaison.com/aydinlatma/lambader/indexfdb0.html]
[www.bellamaison.com/aydinlatma/indexc575.html]
[www.bellamaison.com/aydinlatma/abajur/indexfdb0.html]
[www.bellamaison.com/aydinlatma/metal-avize-sarkit/indexaf4d.html]
[www.bellamaison.com/aydinlatma/polyester-plastik-abajur/indexfdb0.html]
[www.bellamaison.com/aydinlatma/avize-sarkit/indexaf4d.html]
[www.bellamaison.com/aydinlatma/indexc575.html]
[www.bellamaison.com/aydinlatma/lambader/indexaf4d.html]
[www.bellamaison.com/aydinlatma/avize-sarkit/indexaf4d.html]
[www.bellamaison.com/aydinlatma/abajur/indexaf4d.html]
[www.bellamaison.com/aydinlatma/metal-avize-sarkit/indexaf4d.html]
[www.bellamaison.com/aydinlatma/lambader/indexaf4d.html]
[www.bellamaison.com/aydinlatma/abajur/indexaf4d.html]
[www.bellamaison.com/aydinlatma/polyester-plastik-abajur/indexaf4d.html]
[www.bellamaison.com/aydinlatma/polyester-plastik-abajur/indexaf4d.html]
[www.bellamaison.com/aydinlatma/index235c.html]
[www.bellamaison.com/aydinlatma/index235c.html]
[www.bellamaison.com/aydinlatma/avize-sarkit/indexc575.html]
[www.bellamaison.com/aydinlatma/avize-sarkit/indexc575.html]
[www.bellamaison.com/aydinlatma/abajur/indexc575.html]
[www.bellamaison.com/aydinlatma/abajur/indexc575.html]
[www.bellamaison.com/aydinlatma/indexfdfa.html]
[www.bellamaison.com/aydinlatma/indexfdfa.html]
[www.bellamaison.com/aydinlatma/abajur/index235c.html]
[www.bellamaison.com/aydinlatma/abajur/index235c.html]
[www.bellamaison.com/aydinlatma/index0b08.html]
[www.bellamaison.com/aydinlatma/index0b08.html]
[www.bellamaison.com/aydinlatma/index1448.html]
[www.bellamaison.com/aydinlatma/index1448.html]
[www.bellamaison.com/aydinlatma/index1c8b.html]
[www.bellamaison.com/aydinlatma/index1c8b.html]
[www.bellamaison.com/aydinlatma/indexce37.html]
[www.bellamaison.com/aydinlatma/indexce37.html]
[www.bellamaison.com/aydinlatma/index8c93.html]
[www.bellamaison.com/aydinlatma/index8c93.html]
[www.bellamaison.com/aydinlatma/indexa7f1.html]
[www.bellamaison.com/aydinlatma/indexa7f1.html]
[www.bellamaison.com/aydinlatma/index5760.html]
[www.bellamaison.com/aydinlatma/index5760.html]
[www.bellamaison.com/aydinlatma/index42a7.html]
[www.bellamaison.com/aydinlatma/index42a7.html]
[www.bellamaison.com/aydinlatma/index5c43.html]
[www.bellamaison.com/aydinlatma/index5c43.html]
[www.bellamaison.com/aydinlatma/index9683.html]
[www.bellamaison.com/aydinlatma/index9683.html]
