[www.bugaboo.com/tr-en/strollers/index.html]
[backblue.gif]
[fade.gif]
[index.html]
[www.bugaboo.com/on/demandware.static/Sites-bugaboo-emea-Site/-/default/dw60433dee/images/favicons/apple-touch-icon.png]
[www.bugaboo.com/on/demandware.static/Sites-bugaboo-emea-Site/-/default/dw610987d0/images/favicons/favicon-32x32.png]
[www.bugaboo.com/on/demandware.static/Sites-bugaboo-emea-Site/-/default/dw531100cf/images/favicons/favicon-16x16.png]
[www.bugaboo.com/on/demandware.static/Sites-bugaboo-emea-Site/-/default/dwa505e550/images/favicons/site.webmanifest]
[www.bugaboo.com/on/demandware.static/Sites-bugaboo-emea-Site/-/default/dwfb9bbeba/images/favicons/safari-pinned-tab.svg]
[www.bugaboo.com/on/demandware.static/Sites-bugaboo-emea-Site/-/default/dw5400561b/fonts/AeonikPro-Regular.woff2]
[www.bugaboo.com/on/demandware.static/Sites-bugaboo-emea-Site/-/default/dw1a29d11c/fonts/AeonikPro-Bold.woff2]
[www.bugaboo.com/on/demandware.static/Sites-bugaboo-emea-Site/-/default/dwb482d268/fonts/AeonikPro-MediumItalic.woff2]
[www.bugaboo.com/on/demandware.static/Sites-bugaboo-emea-Site/-/default/dw32d4c4e6/fonts/AeonikPro-Medium.woff2]
[www.bugaboo.com/on/demandware.static/Sites-bugaboo-emea-Site/-/en_TR/v1730419823351/css/pep.css]
[www.bugaboo.com/au-en/prams/index.html]
[www.bugaboo.com/at-de/kinderwagen/index.html]
[www.bugaboo.com/hr-en/strollers/index.html]
[consent.cookiebot.com/uc.js]
[www.bugaboo.com/tr-en/strollers/index.html]
[www.bugaboo.com/fr-fr/poussettes/index.html]
[www.bugaboo.com/dk-en/strollers/index.html]
[www.bugaboo.com/fi-en/strollers/index.html]
[www.bugaboo.com/de-de/kinderwagen/index.html]
[www.bugaboo.com/ie-en/strollers/index.html]
[www.bugaboo.com/on/demandware.static/Sites-bugaboo-emea-Site/-/default/dwfb9bbeba/images/favicons/safari-pinned-tab.svg]
[www.bugaboo.com/it-it/passeggini/index.html]
[www.bugaboo.com/jp-ja/ストローラー/index.html]
[www.bugaboo.com/es-es/carritos/index.html]
[www.bugaboo.com/au-en/prams/index.html]
[www.bugaboo.com/nl-nl/kinderwagens/index.html]
[www.bugaboo.com/at-de/kinderwagen/index.html]
[www.bugaboo.com/kr-ko/스트롤러/index.html]
[www.bugaboo.com/us-en/strollers/index.html]
[www.bugaboo.com/sv-se/barnvagn/index.html]
[www.bugaboo.com/hr-en/strollers/index.html]
[www.bugaboo.com/gb-en/pushchairs/index.html]
[www.bugaboo.com/dk-en/strollers/index.html]
[www.bugaboo.com/us-es/carritos/index.html]
[www.bugaboo.com/fi-en/strollers/index.html]
[www.bugaboo.com/fr-fr/poussettes/index.html]
[www.bugaboo.com/de-de/kinderwagen/index.html]
[www.bugaboo.com/ie-en/strollers/index.html]
[www.bugaboo.com/it-it/passeggini/index.html]
[www.bugaboo.com/jp-ja/ストローラー/index.html]
[www.bugaboo.com/ca-fr/poussettes/index.html]
[www.bugaboo.com/kr-ko/스트롤러/index.html]
[www.bugaboo.com/es-es/carritos/index.html]
[www.bugaboo.com/sv-se/barnvagn/index.html]
[www.bugaboo.com/nl-nl/kinderwagens/index.html]
[www.bugaboo.com/gb-en/pushchairs/index.html]
[www.bugaboo.com/us-en/strollers/index.html]
[www.bugaboo.com/us-es/carritos/index.html]
[www.bugaboo.com/on/demandware.static/Sites-bugaboo-emea-Site/-/en_TR/v1730419823351/css/pep.css]
[www.bugaboo.com/lu-fr/poussettes/index.html]
[www.bugaboo.com/ca-en/strollers/index.html]
[www.bugaboo.com/be-nl/kinderwagens/index.html]
[www.bugaboo.com/be-nl/kinderwagens/index.html]
[www.bugaboo.com/ca-en/strollers/index.html]
[www.bugaboo.com/ca-fr/poussettes/index.html]
[www.bugaboo.com/lu-fr/poussettes/index.html]
[googletagmanager.com/index.html]
[google-analytics.com/index.html]
[www.bugaboo.com/be-fr/poussettes/index.html]
[www.bugaboo.com/be-fr/poussettes/index.html]
[www.googletagmanager.com/gtm5445.js]
